[siraplimau.com/8-tips-keluarga-bahagia-menurut-islam-dari-ustazah-siti-nor-bahyah-mahamood/index.html]
[media.siraplimau.com/wp-content/uploads/2018/12/favicon-32x32.png]
[backblue.gif]
[fade.gif]
[index.html]
[policy.revasia.com/cookie.consent.css]
[media.siraplimau.com/wp-content/uploads/2013/10/tips-keluarga-bahagia-islam-ustazah-nor-bahyah-1000x600.jpg]
[media.siraplimau.com/wp-content/uploads/2013/10/tips-keluarga-bahagia-islam-ustazah-nor-bahyah.jpg]
[siraplimau.com/wp/wp-includes/css/dist/block-library/style.min4c7e.css]
[siraplimau.com/wp/wp-includes/css/dist/components/style.min4c7e.css]
[siraplimau.com/wp/wp-includes/css/dist/block-editor/style.min4c7e.css]
[siraplimau.com/wp/wp-includes/css/dist/nux/style.min4c7e.css]
[siraplimau.com/wp/wp-includes/css/dist/editor/style.min4c7e.css]
[siraplimau.com/app/plugins/ilab-media-tools/public/blocks/mediacloud-mux.blocks.style.css]
[siraplimau.com/app/plugins/lightning-tag-plugin-wordpress/public/css/lightning-tag-public8a54.css]
[siraplimau.com/app/plugins/widget-options/assets/css/widget-options.css]
[siraplimau.com/app/themes/flex-mag/css/reset8efa.css]
[netdna.bootstrapcdn.com/font-awesome/4.4.0/css/font-awesome8efa.css]
[siraplimau.com/app/themes/flex-mag/style8efa.css]
[siraplimau.com/app/themes/flex-mag/css/media-queries8efa.css]
[siraplimau.com/app/themes/flex-mag/css/override8efa.css]
[siraplimau.com/app/plugins/a3-lazy-load/assets/css/jquery.lazyloadxt.fadein4c7e.css]
[siraplimau.com/wp/wp-includes/js/jquery/jquery.min9d52.js]
[siraplimau.com/wp/wp-includes/js/jquery/jquery-migrate.mind617.js]
[siraplimau.com/app/plugins/lightning-tag-plugin-wordpress/public/js/lightning-tag-public8a54.js]
[tags.crwdcntrl.net/lt/c/11143/lt.min4c7e.js]
[pagead2.googlesyndication.com/pagead/js/f3bb0.txt]
[securepubads.g.doubleclick.net/tag/js/f.txt]
[connect.facebook.net/en_US/fbevents.js]
[connect.facebook.net/en_US/sdk.js]
[media.siraplimau.com/2022/08/audio-plus_master.png]
[media.siraplimau.com/2022/08/hotfm_red.png]
[media.siraplimau.com/2023/07/no5cvXDg-logo_kool101_master-01.png]
[media.siraplimau.com/2022/08/8fm_master.png]
[media.siraplimau.com/2022/08/flyfm_master.png]
[media.siraplimau.com/2022/08/molekfm_master.png]
[media.siraplimau.com/wp-content/uploads/2018/12/siraplimau-logo-transp-bg.png]
[media.siraplimau.com/2024/04/BeFunky-collage-4-300x180.jpg]
[media.siraplimau.com/2024/04/BeFunky-collage-4-80x80.jpg]
[media.siraplimau.com/2024/03/1.4-61-300x180.jpg]
[oauthjs.revmedia.my/main.min.js]
[cdn.taboola.com/libtrc/revmediagroup-siraplimau/loader.js]
[media.siraplimau.com/2024/03/1.4-61-80x80.jpg]
[media.siraplimau.com/2024/03/1.1-21-1-300x180.jpg]
[media.siraplimau.com/2024/03/1.1-21-1-80x80.jpg]
[media.siraplimau.com/2024/05/ANAK-ANGKAT.png]
[media.siraplimau.com/2024/05/ANAK-ANGKAT-450x270.png]
[media.siraplimau.com/2024/05/BeFunky-collage-60.jpg]
[media.siraplimau.com/2024/05/BeFunky-collage-60-450x270.jpg]
[media.siraplimau.com/2024/05/BeFunky-collage-51.jpg]
[media.siraplimau.com/2024/05/BeFunky-collage-51-450x270.jpg]
[media.siraplimau.com/2024/05/JARI--300x180.png]
[media.siraplimau.com/2024/05/JARI--80x80.png]
[media.siraplimau.com/2024/04/cover-image-lbs--300x180.jpg]
[media.siraplimau.com/2024/04/cover-image-lbs--80x80.jpg]
[media.siraplimau.com/2024/04/vecteezy_asian-women-using-credit-card-for-online-shopping_1229814-300x180.jpg]
[media.siraplimau.com/2024/04/vecteezy_asian-women-using-credit-card-for-online-shopping_1229814-80x80.jpg]
[media.siraplimau.com/2024/04/cara-tanam-pokok-cili-300x180.jpg]
[media.siraplimau.com/2024/04/cara-tanam-pokok-cili-80x80.jpg]
[media.siraplimau.com/2024/04/jamuan-hari-raya-300x180.jpg]
[media.siraplimau.com/2024/04/jamuan-hari-raya-80x80.jpg]
[media.siraplimau.com/wp-content/uploads/2018/12/siraplimau-logo-transp-gray.png]
[media.siraplimau.com/2024/05/SIKAP-ANAK-300x180.jpg]
[media.siraplimau.com/2024/05/SIKAP-ANAK-80x80.jpg]
[media.siraplimau.com/2024/05/jenayah-seksual-300x180.jpg]
[media.siraplimau.com/2024/05/jenayah-seksual-80x80.jpg]
[media.siraplimau.com/2024/05/hadiah-untuk-ayah-300x180.jpg]
[media.siraplimau.com/2024/05/hadiah-untuk-ayah-80x80.jpg]
[siraplimau.com/app/themes/flex-mag/js/scripts4c7e.js]
[siraplimau.com/app/plugins/a3-lazy-load/assets/js/jquery.lazyloadxt.extra.min747d.js]
[siraplimau.com/app/plugins/a3-lazy-load/assets/js/jquery.lazyloadxt.srcset.min747d.js]
[siraplimau.com/app/plugins/a3-lazy-load/assets/js/jquery.lazyloadxt.extend747d.js]
[siraplimau.com/wp/wp-includes/js/wp-embed.min4c7e.js]
[siraplimau.com/wp/wp-includes/js/jquery/jquery9d52.js]
[siraplimau.com/wp/wp-includes/js/jquery/jquery-migrate.min4c7e.js]
[policy.revasia.com/cookie.consent.js]
[s7.addthis.com/js/300/addthis_widget.js]
[siraplimau.com/8-tips-keluarga-bahagia-menurut-islam-dari-ustazah-siti-nor-bahyah-mahamood/index.html]
[policy.revasia.com/cookie.consent.css]
[siraplimau.com/wp/wp-includes/css/dist/block-library/style.min4c7e.css]
[siraplimau.com/wp/wp-includes/css/dist/components/style.min4c7e.css]
[siraplimau.com/wp/wp-includes/css/dist/block-editor/style.min4c7e.css]
[siraplimau.com/wp/wp-includes/css/dist/nux/style.min4c7e.css]
[siraplimau.com/wp/wp-includes/css/dist/editor/style.min4c7e.css]
[siraplimau.com/app/plugins/ilab-media-tools/public/blocks/mediacloud-mux.blocks.style.css]
[siraplimau.com/app/plugins/lightning-tag-plugin-wordpress/public/css/lightning-tag-public8a54.css]
[siraplimau.com/app/plugins/widget-options/assets/css/widget-options.css]
[siraplimau.com/app/themes/flex-mag/css/reset8efa.css]
[netdna.bootstrapcdn.com/font-awesome/4.4.0/css/font-awesome8efa.css]
[siraplimau.com/app/themes/flex-mag/style8efa.css]
[siraplimau.com/app/themes/flex-mag/css/media-queries8efa.css]
[siraplimau.com/app/themes/flex-mag/css/override8efa.css]
[siraplimau.com/app/plugins/a3-lazy-load/assets/css/jquery.lazyloadxt.fadein4c7e.css]
[siraplimau.com/cdn-cgi/scripts/7d0fa10a/cloudflare-static/rocket-loader.min.js]
[siraplimau.com/8-tips-keluarga-bahagia-menurut-islam-dari-ustazah-siti-nor-bahyah-mahamood/a.html]
[siraplimau.com/8-tips-keluarga-bahagia-menurut-islam-dari-ustazah-siti-nor-bahyah-mahamood/POST]
[siraplimau.com/8-tips-keluarga-bahagia-menurut-islam-dari-ustazah-siti-nor-bahyah-mahamood/b.resolvedLink]
[siraplimau.com/8-tips-keluarga-bahagia-menurut-islam-dari-ustazah-siti-nor-bahyah-mahamood/schema.org/index.html]
[siraplimau.com/signals/iwl.js]
[connect.facebook.net/en_US/fbevents.js]
[www.googletagmanager.com/gtm5445.html]
[connect.facebook.net/en_US/sdk.js]
[siraplimau.com/wp-content/uploads/2017/07/siraplimau-homepage.png]
[media.siraplimau.com/wp-content/uploads/2017/03/a.jpg]
[siraplimau.com/8-tips-keluarga-bahagia-menurut-islam-dari-ustazah-siti-nor-bahyah-mahamood/a.html]
[siraplimau.com/8-tips-keluarga-bahagia-menurut-islam-dari-ustazah-siti-nor-bahyah-mahamood/POST.html]
[siraplimau.com/8-tips-keluarga-bahagia-menurut-islam-dari-ustazah-siti-nor-bahyah-mahamood/schema.org/index.html]
[siraplimau.com/8-tips-keluarga-bahagia-menurut-islam-dari-ustazah-siti-nor-bahyah-mahamood/b.html]
[siraplimau.com/signals/iwl.html]
[siraplimau.com/wp-content/uploads/2017/07/siraplimau-homepage.html]
